Would you like to enter the initial configuration dialog? [yes/no]: no


Press RETURN to get started!



switch>
switch>enable
switch#config terminal
Enter configuration commands, one per line.  End with CNTL/Z.
switch(config)#hostname charan
charan(config)#exit
charan#
%SYS-5-CONFIG_I: Configured from console by console
exit









charan con0 is now available






Press RETURN to get started.













charan>enable
charan#password charan@123
                ^
% Invalid input detected at '^' marker.
	
charan#config terminal
Enter configuration commands, one per line.  End with CNTL/Z.
charan(config)#password charan@123
                 ^
% Invalid input detected at '^' marker.
	
charan(config)#enable password charan@123
charan(config)#exit
charan#
%SYS-5-CONFIG_I: Configured from console by console
exit









charan con0 is now available






Press RETURN to get started.













charan>enable
Password: 
charan#
charan>enable
Password: 
charan#config terminal
Enter configuration commands, one per line.  End with CNTL/Z.
charan(config)#enable secret charan123
charan(config)#exit
charan#
%SYS-5-CONFIG_I: Configured from console by console
exit









charan con0 is now available






Press RETURN to get started.













charan>enable
Password: 
charan#line console 0
            ^
% Invalid input detected at '^' marker.
	
charan#line console 0
            ^
% Invalid input detected at '^' marker.
	
charan#config terminal
Enter configuration commands, one per line.  End with CNTL/Z.
charan(config)#line console 0
charan(config-line)#\password charan123@
                    ^
% Invalid input detected at '^' marker.
	
charan(config-line)#password charan12
charan(config-line)#login
charan(config-line)#exit
charan(config)#exit
charan#
%SYS-5-CONFIG_I: Configured from console by console
exit









charan con0 is now available






Press RETURN to get started.













User Access Verification

Password: 

charan>enable
Password: 
charan#show running-config
Building configuration...

Current configuration : 1120 bytes
!
version 12.1
no service timestamps log datetime msec
no service timestamps debug datetime msec
no service password-encryption
!
hostname charan
!
enable secret 5 $1$mERr$2AodpQMa3NkWxopdO2Uqh1
enable password charan@123
!
!
!
!
!
!
spanning-tree mode pvst
spanning-tree extend system-id
!
interface FastEthernet0/1
!
interface FastEthernet0/2
!
interface FastEthernet0/3
!
interface FastEthernet0/4
!
interface FastEthernet0/5
!
interface FastEthernet0/6
!
interface FastEthernet0/7
!
interface FastEthernet0/8
!
interface FastEthernet0/9
!
interface FastEthernet0/10
!
interface FastEthernet0/11
!
interface FastEthernet0/12
!
interface FastEthernet0/13
!
interface FastEthernet0/14
!
interface FastEthernet0/15
!
interface FastEthernet0/16
!
interface FastEthernet0/17
!
interface FastEthernet0/18
!
interface FastEthernet0/19
!
interface FastEthernet0/20
!
interface FastEthernet0/21
!
interface FastEthernet0/22
!
interface FastEthernet0/23
!
interface FastEthernet0/24
!
interface Vlan1
 no ip address
 shutdown
!
!
!
!
line con 0
 password charan12
 login
!
line vty 0 4
 login
line vty 5 15
 login
!
!
!
!
end


charan#
charan#
charan#
